// Jest Snapshot v1, https://goo.gl/fbAQLP

exports[`Navigation [PC] GlobalNav should match snapshot 1`] = `
ShallowWrapper {
  "length": 1,
  Symbol(enzyme.__root__): [Circular],
  Symbol(enzyme.__unrendered__): <GlobalNav />,
  Symbol(enzyme.__renderer__): Object {
    "batchedUpdates": [Function],
    "getNode": [Function],
    "render": [Function],
    "simulateEvent": [Function],
    "unmount": [Function],
  },
  Symbol(enzyme.__node__): Object {
    "instance": null,
    "key": undefined,
    "nodeType": "class",
    "props": Object {
      "children": Array [
        <MenuItem
          active={true}
          as={[Function]}
          name="home"
          onClick={[Function]}
          to="/"
        />,
        <MenuItem
          active={false}
          as={[Function]}
          name="about"
          onClick={[Function]}
          to="/about"
        />,
        <MenuItem
          active={false}
          as={[Function]}
          name="english"
          onClick={[Function]}
          to="/en"
        />,
        <MenuItem
          as="a"
          href="https://profiles.wordpress.org/hideokamoto"
          name="WordPress.org"
          rel="noopener noreferrer"
          target="_blank"
        />,
        <MenuItem
          as="a"
          href="https://github.com/hideokamoto/"
          name="GitHub"
          rel="noopener noreferrer"
          target="_blank"
        />,
      ],
      "pointing": true,
      "secondary": true,
    },
    "ref": null,
    "rendered": Array [
      Object {
        "instance": null,
        "key": undefined,
        "nodeType": "class",
        "props": Object {
          "active": true,
          "as": [Function],
          "name": "home",
          "onClick": [Function],
          "to": "/",
        },
        "ref": null,
        "rendered": null,
        "type": [Function],
      },
      Object {
        "instance": null,
        "key": undefined,
        "nodeType": "class",
        "props": Object {
          "active": false,
          "as": [Function],
          "name": "about",
          "onClick": [Function],
          "to": "/about",
        },
        "ref": null,
        "rendered": null,
        "type": [Function],
      },
      Object {
        "instance": null,
        "key": undefined,
        "nodeType": "class",
        "props": Object {
          "active": false,
          "as": [Function],
          "name": "english",
          "onClick": [Function],
          "to": "/en",
        },
        "ref": null,
        "rendered": null,
        "type": [Function],
      },
      Object {
        "instance": null,
        "key": undefined,
        "nodeType": "class",
        "props": Object {
          "as": "a",
          "href": "https://profiles.wordpress.org/hideokamoto",
          "name": "WordPress.org",
          "rel": "noopener noreferrer",
          "target": "_blank",
        },
        "ref": null,
        "rendered": null,
        "type": [Function],
      },
      Object {
        "instance": null,
        "key": undefined,
        "nodeType": "class",
        "props": Object {
          "as": "a",
          "href": "https://github.com/hideokamoto/",
          "name": "GitHub",
          "rel": "noopener noreferrer",
          "target": "_blank",
        },
        "ref": null,
        "rendered": null,
        "type": [Function],
      },
    ],
    "type": [Function],
  },
  Symbol(enzyme.__nodes__): Array [
    Object {
      "instance": null,
      "key": undefined,
      "nodeType": "class",
      "props": Object {
        "children": Array [
          <MenuItem
            active={true}
            as={[Function]}
            name="home"
            onClick={[Function]}
            to="/"
          />,
          <MenuItem
            active={false}
            as={[Function]}
            name="about"
            onClick={[Function]}
            to="/about"
          />,
          <MenuItem
            active={false}
            as={[Function]}
            name="english"
            onClick={[Function]}
            to="/en"
          />,
          <MenuItem
            as="a"
            href="https://profiles.wordpress.org/hideokamoto"
            name="WordPress.org"
            rel="noopener noreferrer"
            target="_blank"
          />,
          <MenuItem
            as="a"
            href="https://github.com/hideokamoto/"
            name="GitHub"
            rel="noopener noreferrer"
            target="_blank"
          />,
        ],
        "pointing": true,
        "secondary": true,
      },
      "ref": null,
      "rendered": Array [
        Object {
          "instance": null,
          "key": undefined,
          "nodeType": "class",
          "props": Object {
            "active": true,
            "as": [Function],
            "name": "home",
            "onClick": [Function],
            "to": "/",
          },
          "ref": null,
          "rendered": null,
          "type": [Function],
        },
        Object {
          "instance": null,
          "key": undefined,
          "nodeType": "class",
          "props": Object {
            "active": false,
            "as": [Function],
            "name": "about",
            "onClick": [Function],
            "to": "/about",
          },
          "ref": null,
          "rendered": null,
          "type": [Function],
        },
        Object {
          "instance": null,
          "key": undefined,
          "nodeType": "class",
          "props": Object {
            "active": false,
            "as": [Function],
            "name": "english",
            "onClick": [Function],
            "to": "/en",
          },
          "ref": null,
          "rendered": null,
          "type": [Function],
        },
        Object {
          "instance": null,
          "key": undefined,
          "nodeType": "class",
          "props": Object {
            "as": "a",
            "href": "https://profiles.wordpress.org/hideokamoto",
            "name": "WordPress.org",
            "rel": "noopener noreferrer",
            "target": "_blank",
          },
          "ref": null,
          "rendered": null,
          "type": [Function],
        },
        Object {
          "instance": null,
          "key": undefined,
          "nodeType": "class",
          "props": Object {
            "as": "a",
            "href": "https://github.com/hideokamoto/",
            "name": "GitHub",
            "rel": "noopener noreferrer",
            "target": "_blank",
          },
          "ref": null,
          "rendered": null,
          "type": [Function],
        },
      ],
      "type": [Function],
    },
  ],
  Symbol(enzyme.__options__): Object {
    "adapter": ReactSixteenAdapter {
      "options": Object {
        "enableComponentDidUpdateOnSetState": true,
      },
    },
  },
}
`;
