// Jest Snapshot v1, https://goo.gl/fbAQLP

exports[`GlobalNav should match snapshot 1`] = `
ShallowWrapper {
  "length": 1,
  Symbol(enzyme.__root__): [Circular],
  Symbol(enzyme.__unrendered__): <GlobalNav />,
  Symbol(enzyme.__renderer__): Object {
    "batchedUpdates": [Function],
    "getNode": [Function],
    "render": [Function],
    "simulateEvent": [Function],
    "unmount": [Function],
  },
  Symbol(enzyme.__node__): Array [
    <Responsive
      as={[Function]}
      minWidth={992}
    />,
    <Responsive
      as={[Function]}
      maxWidth={991}
      minWidth={768}
    />,
    <Responsive
      as={[Function]}
      maxWidth={767}
      minWidth={320}
    />,
  ],
  Symbol(enzyme.__nodes__): Array [
    Array [
      <Responsive
        as={[Function]}
        minWidth={992}
      />,
      <Responsive
        as={[Function]}
        maxWidth={991}
        minWidth={768}
      />,
      <Responsive
        as={[Function]}
        maxWidth={767}
        minWidth={320}
      />,
    ],
  ],
  Symbol(enzyme.__options__): Object {
    "adapter": ReactSixteenAdapter {
      "options": Object {
        "enableComponentDidUpdateOnSetState": true,
      },
    },
  },
}
`;
